<html>
<body>
<pre>
<h1>µVision Build Log</h1>
<h2>Tool Versions:</h2>
IDE-Version: µVision V5.18a
Copyright (C) 2016 ARM Ltd and ARM Germany GmbH. All rights reserved.
License Information: Volkov ¬ÓÎÍÓ‚ ¿.Õ.,  ‚‡ÚË‡ 40, LIC=K85D0-B8FCE-ZMXRR-YSH90-QL62Z-JSCWQ
 
Tool Versions:
Toolchain:       MDK-ARM Cortex-M0/M0+ 256K for ST  Version: 5.18a
Toolchain Path:  C:\Keil_v5\ARM\ARMCC\Bin
C Compiler:      Armcc.exe V5.06 update 1 (build 61)
Assembler:       Armasm.exe V5.06 update 1 (build 61)
Linker/Locator:  ArmLink.exe V5.06 update 1 (build 61)
Library Manager: ArmAr.exe V5.06 update 1 (build 61)
Hex Converter:   FromElf.exe V5.06 update 1 (build 61)
CPU DLL:         SARMCM3.DLL V5.18a
Dialog DLL:      DARMCM1.DLL V1.12.0.0
Target DLL:      STLink\ST-LINKIII-KEIL_SWO.dll V2.0.18.0
Dialog DLL:      TARMCM1.DLL V1.9.0.0
 
<h2>Project:</h2>
D:\src\Õ¿Ã»_0\Õ¿Ã».uvproj
Project File Date:  10/26/2016

<h2>Output:</h2>
*** Using Compiler 'V5.06 update 1 (build 61)', folder: 'C:\Keil_v5\ARM\ARMCC\Bin'
Build target 'Project'
assembling startup_stm32f051.s...
compiling system_stm32f051.c...
compiling stm32f0xx_gpio.c...
compiling stm32f0xx_rcc.c...
compiling Main.c...
compiling Timers.c...
compiling USART.c...
linking...
Program Size: Code=3116 RO-data=224 RW-data=104 ZI-data=1840  
FromELF: creating hex file...
".\obj\project.axf" - 0 Error(s), 0 Warning(s).
Build Time Elapsed:  00:00:17
</pre>
</body>
</html>
